---
source: packages/qwik/src/optimizer/core/src/test.rs
expression: output
---
==INPUT==


import { component$, useStore, $ } from '@builder.io/qwik';
import importedValue from 'v';

export const App = component$((props) => {
    const state = useStore({count: 0});
    return (
        <>
            <p class="stuff" onClick$={props.onClick$}>Hello Qwik</p>
            <Div
                onClick$={props.onClick$}
                transparent$={() => {console.log('stuff')}}
                immutable1="stuff"
                immutable2={{
                    foo: 'bar',
                    baz: importedValue ? true : false,
                }}
                immutable3={2}
                immutable4$={(ev) => console.log(state.count)}
                immutable5={[1, 2, importedValue, null, {}]}
            >
                <p>Hello Qwik</p>
            </Div>
            <Div
                class={state}
                mutable1={{
                    foo: 'bar',
                    baz: state.count ? true : false,
                }}
                mutable2={(() => console.log(state.count))()}
                mutable3={[1, 2, state, null, {}]}
            />
        </>
    );
});

============================= test.js ==

import { componentQrl } from "@builder.io/qwik";
import { qrl } from "@builder.io/qwik";
export const App = /*#__PURE__*/ componentQrl(qrl(()=>import("./app_component_ckepmxzlub0"), "App_component_ckEPmXZlub0"));


Some("{\"version\":3,\"sources\":[\"/user/qwik/src/test.tsx\"],\"names\":[],\"mappings\":\"AACA;;AAGA,OAAO,MAAM,GAAG,iBAAG,yFA8BjB,CAAC\"}")
============================= app_component__fragment_div_immutable4_qt1dno4izxo.js (ENTRY POINT)==

import { useLexicalScope } from "@builder.io/qwik";
export const App_component__Fragment_Div_immutable4_QT1DNo4IZXo = (ev)=>{
    const [state] = useLexicalScope();
    return console.log(state.count);
};


Some("{\"version\":3,\"sources\":[\"/user/qwik/src/test.tsx\"],\"names\":[],\"mappings\":\";kEAkB6B,CAAC,EAAE;;WAAK,OAAO,CAAC,GAAG,CAAC,KAAK,CAAC,KAAK,CAAC;CAAA\"}")
/*
{
  "origin": "test.tsx",
  "name": "App_component__Fragment_Div_immutable4_QT1DNo4IZXo",
  "entry": null,
  "displayName": "App_component__Fragment_Div_immutable4",
  "hash": "QT1DNo4IZXo",
  "canonicalFilename": "app_component__fragment_div_immutable4_qt1dno4izxo",
  "extension": "js",
  "parent": "App_component_ckEPmXZlub0",
  "ctxKind": "event",
  "ctxName": "immutable4$",
  "captures": true,
  "loc": [
    621,
    653
  ]
}
*/
============================= app_component_ckepmxzlub0.js (ENTRY POINT)==

import { Fragment as _Fragment } from "@builder.io/qwik/jsx-runtime";
import { _IMMUTABLE } from "@builder.io/qwik";
import { jsx as _jsx } from "@builder.io/qwik/jsx-runtime";
import { jsxs as _jsxs } from "@builder.io/qwik/jsx-runtime";
import importedValue from "v";
import { qrl } from "@builder.io/qwik";
import { useStore } from "@builder.io/qwik";
export const App_component_ckEPmXZlub0 = (props)=>{
    const state = useStore({
        count: 0
    });
    return /*#__PURE__*/ _jsxs(_Fragment, {
        children: [
            /*#__PURE__*/ _jsx("p", {
                class: "stuff",
                onClick$: props.onClick$,
                children: "Hello Qwik"
            }),
            /*#__PURE__*/ _jsx(Div, {
                onClick$: props.onClick$,
                transparent$: qrl(()=>import("./app_component__fragment_div_transparent_jtd8sctndsg"), "App_component__Fragment_Div_transparent_jTD8SCTNDsg"),
                immutable1: "stuff",
                immutable2: {
                    foo: 'bar',
                    baz: importedValue ? true : false
                },
                immutable3: 2,
                immutable4$: qrl(()=>import("./app_component__fragment_div_immutable4_qt1dno4izxo"), "App_component__Fragment_Div_immutable4_QT1DNo4IZXo", [
                    state
                ]),
                immutable5: [
                    1,
                    2,
                    importedValue,
                    null,
                    {}
                ],
                children: /*#__PURE__*/ _jsx("p", {
                    children: "Hello Qwik"
                }),
                [_IMMUTABLE]: {
                    onClick$: true,
                    transparent$: true,
                    immutable1: true,
                    immutable3: true,
                    immutable4$: true,
                    immutable5: true
                }
            }),
            /*#__PURE__*/ _jsx(Div, {
                class: state,
                mutable1: {
                    foo: 'bar',
                    baz: state.count ? true : false
                },
                mutable2: (()=>console.log(state.count))(),
                mutable3: [
                    1,
                    2,
                    state,
                    null,
                    {}
                ],
                [_IMMUTABLE]: {
                    class: true,
                    mutable3: true
                }
            })
        ]
    });
};


Some("{\"version\":3,\"sources\":[\"/user/qwik/src/test.tsx\"],\"names\":[],\"mappings\":\";;;;;;;yCAI8B,CAAC,KAAK,GAAK;IACrC,MAAM,KAAK,GAAG,QAAQ,CAAC;QAAC,KAAK,EAAE,CAAC;KAAC,CAAC,AAAC;IACnC,qBACI;;0BACI,KAAC,GAAC;gBAAC,KAAK,EAAC,OAAO;gBAAC,QAAQ,EAAE,KAAK,CAAC,QAAQ;0BAAE,YAAU;cAAI;0BACzD,KAAC,GAAG;gBACA,QAAQ,EAAE,KAAK,CAAC,QAAQ;gBACxB,YAAY;gBACZ,UAAU,EAAC,OAAO;gBAClB,UAAU,EAAE;oBACR,GAAG,EAAE,KAAK;oBACV,GAAG,EAAE,aAAa,GAAG,IAAI,GAAG,KAAK;iBACpC;gBACD,UAAU,EAAE,CAAC;gBACb,WAAW;;;gBACX,UAAU,EAAE;AAAC,qBAAC;AAAE,qBAAC;oBAAE,aAAa;oBAAE,IAAI;oBAAE,EAAE;iBAAC;0BAE3C,cAAA,KAAC,GAAC;8BAAC,YAAU;kBAAI;;oBAXjB,QAAQ;oBACR,YAAY;oBACZ,UAAU;oBAKV,UAAU;oBACV,WAAW;oBACX,UAAU;;cAGR;0BACN,KAAC,GAAG;gBACA,KAAK,EAAE,KAAK;gBACZ,QAAQ,EAAE;oBACN,GAAG,EAAE,KAAK;oBACV,GAAG,EAAE,KAAK,CAAC,KAAK,GAAG,IAAI,GAAG,KAAK;iBAClC;gBACD,QAAQ,EAAE,CAAC,IAAM,OAAO,CAAC,GAAG,CAAC,KAAK,CAAC,KAAK,CAAC,CAAC,EAAE;gBAC5C,QAAQ,EAAE;AAAC,qBAAC;AAAE,qBAAC;oBAAE,KAAK;oBAAE,IAAI;oBAAE,EAAE;iBAAC;;oBANjC,KAAK;oBAML,QAAQ;;cACV;;MACH,CACL;AACN,CAAC\"}")
/*
{
  "origin": "test.tsx",
  "name": "App_component_ckEPmXZlub0",
  "entry": null,
  "displayName": "App_component",
  "hash": "ckEPmXZlub0",
  "canonicalFilename": "app_component_ckepmxzlub0",
  "extension": "js",
  "parent": null,
  "ctxKind": "function",
  "ctxName": "component$",
  "captures": false,
  "loc": [
    124,
    1110
  ]
}
*/
============================= app_component__fragment_div_transparent_jtd8sctndsg.js (ENTRY POINT)==

export const App_component__Fragment_Div_transparent_jTD8SCTNDsg = ()=>{
    console.log('stuff');
};


Some("{\"version\":3,\"sources\":[\"/user/qwik/src/test.tsx\"],\"names\":[],\"mappings\":\"mEAW8B,IAAM;IAAC,OAAO,CAAC,GAAG,CAAC,OAAO,CAAC;AAAA,CAAC\"}")
/*
{
  "origin": "test.tsx",
  "name": "App_component__Fragment_Div_transparent_jTD8SCTNDsg",
  "entry": null,
  "displayName": "App_component__Fragment_Div_transparent",
  "hash": "jTD8SCTNDsg",
  "canonicalFilename": "app_component__fragment_div_transparent_jtd8sctndsg",
  "extension": "js",
  "parent": "App_component_ckEPmXZlub0",
  "ctxKind": "event",
  "ctxName": "transparent$",
  "captures": false,
  "loc": [
    360,
    388
  ]
}
*/
== DIAGNOSTICS ==

[]
