---
source: packages/qwik/src/optimizer/core/src/test.rs
expression: output
---
==INPUT==


import { componentQrl, inlinedQrl, useLexicalScope, useHostElement, useStore, useWatchQrl, noSerialize, SkipRerender, implicit$FirstArg } from '@builder.io/qwik';
import { jsx, Fragment } from '@builder.io/qwik/jsx-runtime';
import { isBrowser, isServer } from '@builder.io/qwik/build';

function qwikifyQrl(reactCmpQrl) {
    return /*#__PURE__*/ componentQrl(inlinedQrl((props)=>{
        const [reactCmpQrl] = useLexicalScope();
        const hostElement = useHostElement();
        const store = useStore({});
        let run;
        if (props['client:visible']) run = 'visible';
        else if (props['client:load'] || props['client:only']) run = 'load';
        useWatchQrl(inlinedQrl(async (track)=>{
            const [hostElement, props, reactCmpQrl, store] = useLexicalScope();
            track(props);
            if (isBrowser) {
                if (store.data) store.data.root.render(store.data.client.Main(store.data.cmp, filterProps(props)));
                else {
                    const [Cmp, client] = await Promise.all([
                        reactCmpQrl.resolve(),
                        import('./client-f762f78c.js')
                    ]);
                    let root;
                    if (hostElement.childElementCount > 0) root = client.hydrateRoot(hostElement, client.Main(Cmp, filterProps(props), store.event));
                    else {
                        root = client.createRoot(hostElement);
                        root.render(client.Main(Cmp, filterProps(props)));
                    }
                    store.data = noSerialize({
                        client,
                        cmp: Cmp,
                        root
                    });
                }
            }
        }, "qwikifyQrl_component_useWatch_x04JC5xeP1U", [
            hostElement,
            props,
            reactCmpQrl,
            store
        ]), {
            run
        });
        if (isServer && !props['client:only']) {
            const jsx$1 = Promise.all([
                reactCmpQrl.resolve(),
                import('./server-9ac6caad.js')
            ]).then(([Cmp, server])=>{
                const html = server.render(Cmp, filterProps(props));
                return /*#__PURE__*/ jsx(Host, {
                    dangerouslySetInnerHTML: html,
                    [_IMMUTABLE]: [
                        "dangerouslySetInnerHTML"
                    ]
                });
            });
            return /*#__PURE__*/ jsx(Fragment, {
                children: jsx$1
            });
        }
        return /*#__PURE__*/ jsx(Host, {
            children: /*#__PURE__*/ jsx(SkipRerender, {})
        });
    }, "qwikifyQrl_component_zH94hIe0Ick", [
        reactCmpQrl
    ]), {
        tagName: 'qwik-wrap'
    });
}
const filterProps = (props)=>{
    const obj = {};
    Object.keys(props).forEach((key)=>{
        if (!key.startsWith('client:')) obj[key] = props[key];
    });
    return obj;
};
const qwikify$ = implicit$FirstArg(qwikifyQrl);

async function renderToString(rootNode, opts) {
    const mod = await import('./server-9ac6caad.js');
    const result = await mod.renderToString(rootNode, opts);
    const styles = mod.getGlobalStyleTag(result.html);
    const finalHtml = styles + result.html;
    return {
        ...result,
        html: finalHtml
    };
}

export { qwikify$, qwikifyQrl, renderToString };
        
============================= qwikifyqrl_component_usewatch_x04jc5xep1u.mjs (ENTRY POINT)==

import { filterProps } from "../node_modules/@builder.io/qwik-react/index.qwik";
import { isBrowser } from "@builder.io/qwik/build";
import { noSerialize } from "@builder.io/qwik";
import { useLexicalScope } from "@builder.io/qwik";
export const qwikifyQrl_component_useWatch_x04JC5xeP1U = async (track)=>{
    const [hostElement, props, reactCmpQrl, store] = useLexicalScope();
    track(props);
    if (isBrowser) {
        if (store.data) store.data.root.render(store.data.client.Main(store.data.cmp, filterProps(props)));
        else {
            const [Cmp, client] = await Promise.all([
                reactCmpQrl.resolve(),
                import("../node_modules/@builder.io/qwik-react/client-f762f78c.js")
            ]);
            let root;
            if (hostElement.childElementCount > 0) root = client.hydrateRoot(hostElement, client.Main(Cmp, filterProps(props), store.event));
            else {
                root = client.createRoot(hostElement);
                root.render(client.Main(Cmp, filterProps(props)));
            }
            store.data = noSerialize({
                client,
                cmp: Cmp,
                root
            });
        }
    }
};
export { _hW } from "@builder.io/qwik";


Some("{\"version\":3,\"sources\":[\"/user/qwik/node_modules/@builder.io/qwik-react/index.qwik.mjs\"],\"names\":[],\"mappings\":\";;;;yDAa+B,OAAO,KAAK,GAAG;IAClC,MAAM,CAAC,WAAW,EAAE,KAAK,EAAE,WAAW,EAAE,KAAK,CAAC,GAAG,eAAe,EAAE,AAAC;IACnE,KAAK,CAAC,KAAK,CAAC,CAAC;IACb,IAAI,SAAS,EAAE;QACX,IAAI,KAAK,CAAC,IAAI,EAAE,KAAK,CAAC,IAAI,CAAC,IAAI,CAAC,MAAM,CAAC,KAAK,CAAC,IAAI,CAAC,MAAM,CAAC,IAAI,CAAC,KAAK,CAAC,IAAI,CAAC,GAAG,EAAE,WAAW,CAAC,KAAK,CAAC,CAAC,CAAC,CAAC;aAC9F;YACD,MAAM,CAAC,GAAG,EAAE,MAAM,CAAC,GAAG,MAAM,OAAO,CAAC,GAAG,CAAC;gBACpC,WAAW,CAAC,OAAO,EAAE;gBACrB,MAAM,CAAC,2DAAsB,CAAC;aACjC,CAAC,AAAC;YACH,IAAI,IAAI,AAAC;YACT,IAAI,WAAW,CAAC,iBAAiB,GAAG,CAAC,EAAE,IAAI,GAAG,MAAM,CAAC,WAAW,CAAC,WAAW,EAAE,MAAM,CAAC,IAAI,CAAC,GAAG,EAAE,WAAW,CAAC,KAAK,CAAC,EAAE,KAAK,CAAC,KAAK,CAAC,CAAC,CAAC;iBAC5H;gBACD,IAAI,GAAG,MAAM,CAAC,UAAU,CAAC,WAAW,CAAC,CAAC;gBACtC,IAAI,CAAC,MAAM,CAAC,MAAM,CAAC,IAAI,CAAC,GAAG,EAAE,WAAW,CAAC,KAAK,CAAC,CAAC,CAAC,CAAC;YACtD,CAAC;YACD,KAAK,CAAC,IAAI,GAAG,WAAW,CAAC;gBACrB,MAAM;gBACN,GAAG,EAAE,GAAG;gBACR,IAAI;aACP,CAAC,CAAC;QACP,CAAC;IACL,CAAC;AACL,CAAC\"}")
/*
{
  "origin": "../node_modules/@builder.io/qwik-react/index.qwik.mjs",
  "name": "qwikifyQrl_component_useWatch_x04JC5xeP1U",
  "entry": null,
  "displayName": "qwikifyQrl_component_useWatch",
  "hash": "x04JC5xeP1U",
  "canonicalFilename": "qwikifyqrl_component_usewatch_x04jc5xep1u",
  "extension": "mjs",
  "parent": "qwikifyQrl_component_zH94hIe0Ick",
  "ctxKind": "function",
  "ctxName": "useWatch$",
  "captures": true,
  "loc": [
    695,
    1748
  ]
}
*/
============================= qwikifyqrl_component_zh94hie0ick.mjs (ENTRY POINT)==

import { Fragment } from "@builder.io/qwik/jsx-runtime";
import { SkipRerender } from "@builder.io/qwik";
import { filterProps } from "../node_modules/@builder.io/qwik-react/index.qwik";
import { isServer } from "@builder.io/qwik/build";
import { jsx } from "@builder.io/qwik/jsx-runtime";
import { qrl } from "@builder.io/qwik";
import { useHostElement } from "@builder.io/qwik";
import { useLexicalScope } from "@builder.io/qwik";
import { useStore } from "@builder.io/qwik";
import { useWatchQrl } from "@builder.io/qwik";
export const qwikifyQrl_component_zH94hIe0Ick = (props)=>{
    const [reactCmpQrl] = useLexicalScope();
    const hostElement = useHostElement();
    const store = useStore({});
    let run;
    if (props['client:visible']) run = 'visible';
    else if (props['client:load'] || props['client:only']) run = 'load';
    useWatchQrl(qrl(()=>import("./qwikifyqrl_component_usewatch_x04jc5xep1u"), "qwikifyQrl_component_useWatch_x04JC5xeP1U", [
        hostElement,
        props,
        reactCmpQrl,
        store
    ]), {
        run
    });
    if (isServer && !props['client:only']) {
        const jsx$1 = Promise.all([
            reactCmpQrl.resolve(),
            import("../node_modules/@builder.io/qwik-react/server-9ac6caad.js")
        ]).then(([Cmp, server])=>{
            const html = server.render(Cmp, filterProps(props));
            return /*#__PURE__*/ jsx(Host, {
                dangerouslySetInnerHTML: html,
                [_IMMUTABLE]: [
                    "dangerouslySetInnerHTML"
                ]
            });
        });
        return /*#__PURE__*/ jsx(Fragment, {
            children: jsx$1
        });
    }
    return /*#__PURE__*/ jsx(Host, {
        children: /*#__PURE__*/ jsx(SkipRerender, {})
    });
};


Some("{\"version\":3,\"sources\":[\"/user/qwik/node_modules/@builder.io/qwik-react/index.qwik.mjs\"],\"names\":[],\"mappings\":\";;;;;;;;;;gDAMiD,CAAC,KAAK,GAAG;IAClD,MAAM,CAAC,WAAW,CAAC,GAAG,eAAe,EAAE,AAAC;IACxC,MAAM,WAAW,GAAG,cAAc,EAAE,AAAC;IACrC,MAAM,KAAK,GAAG,QAAQ,CAAC,EAAE,CAAC,AAAC;IAC3B,IAAI,GAAG,AAAC;IACR,IAAI,KAAK,CAAC,gBAAgB,CAAC,EAAE,GAAG,GAAG,SAAS,CAAC;SACxC,IAAI,KAAK,CAAC,aAAa,CAAC,IAAI,KAAK,CAAC,aAAa,CAAC,EAAE,GAAG,GAAG,MAAM,CAAC;IACpE,WAAW;;;;;QA4BP;QACA,GAAG;KACN,CAAC,CAAC;IACH,IAAI,QAAQ,IAAI,CAAC,KAAK,CAAC,aAAa,CAAC,EAAE;QACnC,MAAM,KAAK,GAAG,OAAO,CAAC,GAAG,CAAC;YACtB,WAAW,CAAC,OAAO,EAAE;YACrB,MAAM,CAAC,2DAAsB,CAAC;SACjC,CAAC,CAAC,IAAI,CAAC,CAAC,CAAC,GAAG,EAAE,MAAM,CAAC,GAAG;YACrB,MAAM,IAAI,GAAG,MAAM,CAAC,MAAM,CAAC,GAAG,EAAE,WAAW,CAAC,KAAK,CAAC,CAAC,AAAC;YACpD,OAAO,WAAW,GAAG,GAAG,CAAC,IAAI,EAAE;gBAC3B,uBAAuB,EAAE,IAAI;gBAC7B,CAAC,UAAU,CAAC,EAAE;oBACV,yBAAyB;iBAC5B;aACJ,CAAC,CAAC;QACP,CAAC,CAAC,AAAC;QACH,OAAO,WAAW,GAAG,GAAG,CAAC,QAAQ,EAAE;YAC/B,QAAQ,EAAE,KAAK;SAClB,CAAC,CAAC;IACP,CAAC;IACD,OAAO,WAAW,GAAG,GAAG,CAAC,IAAI,EAAE;QAC3B,QAAQ,EAAE,WAAW,GAAG,GAAG,CAAC,YAAY,EAAE,EAAE,CAAC;KAChD,CAAC,CAAC;AACP,CAAC\"}")
/*
{
  "origin": "../node_modules/@builder.io/qwik-react/index.qwik.mjs",
  "name": "qwikifyQrl_component_zH94hIe0Ick",
  "entry": null,
  "displayName": "qwikifyQrl_component",
  "hash": "zH94hIe0Ick",
  "canonicalFilename": "qwikifyqrl_component_zh94hie0ick",
  "extension": "mjs",
  "parent": null,
  "ctxKind": "function",
  "ctxName": "component$",
  "captures": true,
  "loc": [
    374,
    2676
  ]
}
*/
============================= ../node_modules/@builder.io/qwik-react/index.qwik.mjs ==

import { qrl } from "@builder.io/qwik";
import { componentQrl, implicit$FirstArg } from '@builder.io/qwik';
function qwikifyQrl(reactCmpQrl) {
    return /*#__PURE__*/ componentQrl(qrl(()=>import("../../../src/qwikifyqrl_component_zh94hie0ick"), "qwikifyQrl_component_zH94hIe0Ick", [
        reactCmpQrl
    ]), {
        tagName: 'qwik-wrap'
    });
}
const filterProps = (props)=>{
    const obj = {};
    Object.keys(props).forEach((key)=>{
        if (!key.startsWith('client:')) obj[key] = props[key];
    });
    return obj;
};
const qwikify$ = implicit$FirstArg(qwikifyQrl);
async function renderToString(rootNode, opts) {
    const mod = await import('./server-9ac6caad.js');
    const result = await mod.renderToString(rootNode, opts);
    const styles = mod.getGlobalStyleTag(result.html);
    const finalHtml = styles + result.html;
    return {
        ...result,
        html: finalHtml
    };
}
export { qwikify$, qwikifyQrl, renderToString };
export { filterProps };


Some("{\"version\":3,\"sources\":[\"/user/qwik/node_modules/@builder.io/qwik-react/index.qwik.mjs\"],\"names\":[],\"mappings\":\"AACA;AAAA,SAAS,YAAY,EAAiG,iBAAiB,QAAQ,kBAAkB,CAAC;AAIlK,SAAS,UAAU,CAAC,WAAW,EAAE;IAC7B,OAAO,WAAW,GAAG,YAAY;QADjB,WAAW;QA6DvB;QACA,OAAO,EAAE,WAAW;KACvB,CAAC,CAAC;AACP,CAAC;AACD,MAAM,WAAW,GAAG,CAAC,KAAK,GAAG;IACzB,MAAM,GAAG,GAAG,EAAE,AAAC;IACf,MAAM,CAAC,IAAI,CAAC,KAAK,CAAC,CAAC,OAAO,CAAC,CAAC,GAAG,GAAG;QAC9B,IAAI,CAAC,GAAG,CAAC,UAAU,CAAC,SAAS,CAAC,EAAE,GAAG,CAAC,GAAG,CAAC,GAAG,KAAK,CAAC,GAAG,CAAC,CAAC;IAC1D,CAAC,CAAC,CAAC;IACH,OAAO,GAAG,CAAC;AACf,CAAC,AAAC;AACF,MAAM,QAAQ,GAAG,iBAAiB,CAAC,UAAU,CAAC,AAAC;AAE/C,eAAe,cAAc,CAAC,QAAQ,EAAE,IAAI,EAAE;IAC1C,MAAM,GAAG,GAAG,MAAM,MAAM,CAAC,sBAAsB,CAAC,AAAC;IACjD,MAAM,MAAM,GAAG,MAAM,GAAG,CAAC,cAAc,CAFb,QAAQ,EAAE,IAAI,CAEe,AAAC;IACxD,MAAM,MAAM,GAAG,GAAG,CAAC,iBAAiB,CAAC,MAAM,CAAC,IAAI,CAAC,AAAC;IAClD,MAAM,SAAS,GAAG,MAAM,GAAG,MAAM,CAAC,IAAI,AAAC;IACvC,OAAO;QACH,GAAG,MAAM;QACT,IAAI,EAAE,SAAS;KAClB,CAAC;AACN,CAAC;AAED,SAAS,QAAQ,EAAE,UAAU,EAAE,cAAc,GAAG\"}")
== DIAGNOSTICS ==

[]
