---
source: packages/qwik/src/optimizer/core/src/test.rs
expression: output
---
==INPUT==


import { component$, useStore } from '@builder.io/qwik';

export const App = component$(() => {
    const store = useStore({
        count: 0,
        stuff: 0,
        nested: {
            count: 0
        }
    });
    const signal = useSignal(0);
    return (
        <Cmp
            prop={'true' + 1 ? 'true' : ''}
            count={store.count}
            nested={store.nested.count}
            signal={signal}
            store={store.stuff + 12}
        >
        </Cmp>
    );
});

export const Cmp = component$((props) => {
    return (
        <>
            <p data-value={props.count}>{props.nested.count}</p>
            <p>Value {props.count}<span></span></p>
        </>
    );
});

============================= test.js ==

import { componentQrl } from "@builder.io/qwik";
import { qrl } from "@builder.io/qwik";
export const App = /*#__PURE__*/ componentQrl(qrl(()=>import("./app_component_ckepmxzlub0"), "App_component_ckEPmXZlub0"));
export const Cmp = /*#__PURE__*/ componentQrl(qrl(()=>import("./cmp_component_4rykjtokjwe"), "Cmp_component_4ryKJTOKjWE"));


Some("{\"version\":3,\"sources\":[\"/user/qwik/src/test.tsx\"],\"names\":[],\"mappings\":\"AACA;;AAEA,OAAO,MAAM,GAAG,iBAAG,yFAmBjB,CAAC;AAEH,OAAO,MAAM,GAAG,iBAAG,yFAOjB,CAAC\"}")
============================= cmp_component_4rykjtokjwe.js (ENTRY POINT)==

import { Fragment as _Fragment } from "@builder.io/qwik/jsx-runtime";
import { _IMMUTABLE } from "@builder.io/qwik";
import { jsx as _jsx } from "@builder.io/qwik/jsx-runtime";
import { jsxs as _jsxs } from "@builder.io/qwik/jsx-runtime";
import { _wrapSignal } from "@builder.io/qwik";
export const Cmp_component_4ryKJTOKjWE = (props)=>{
    return /*#__PURE__*/ _jsxs(_Fragment, {
        children: [
            /*#__PURE__*/ _jsx("p", {
                get "data-value" () {
                    return props.count;
                },
                children: _wrapSignal(props.nested, "count"),
                [_IMMUTABLE]: {
                    "data-value": _wrapSignal(props, "count")
                }
            }),
            /*#__PURE__*/ _jsxs("p", {
                children: [
                    "Value ",
                    _wrapSignal(props, "count"),
                    /*#__PURE__*/ _jsx("span", {})
                ]
            })
        ]
    });
};


Some("{\"version\":3,\"sources\":[\"/user/qwik/src/test.tsx\"],\"names\":[],\"mappings\":\";;;;;yCAwB8B,CAAC,KAAK,GAAK;IACrC,qBACI;;0BACI,KAAC,GAAC;oBAAC,YAAU;2BAAE,KAAK,CAAC,KAAK;;sCAAG,KAAK,CAAC,MAAM;;oBAAtC,YAAU,cAAE,KAAK;;cAAgC;0BACpD,MAAC,GAAC;;oBAAC,QAAM;gCAAC,KAAK;kCAAO,KAAC,MAAI,KAAQ;;cAAI;;MACxC,CACL;AACN,CAAC\"}")
/*
{
  "origin": "test.tsx",
  "name": "Cmp_component_4ryKJTOKjWE",
  "entry": null,
  "displayName": "Cmp_component",
  "hash": "4ryKJTOKjWE",
  "canonicalFilename": "cmp_component_4rykjtokjwe",
  "extension": "js",
  "parent": null,
  "ctxKind": "function",
  "ctxName": "component$",
  "captures": false,
  "loc": [
    527,
    701
  ]
}
*/
============================= app_component_ckepmxzlub0.js (ENTRY POINT)==

import { Cmp } from "./test";
import { _IMMUTABLE } from "@builder.io/qwik";
import { jsx as _jsx } from "@builder.io/qwik/jsx-runtime";
import { _wrapSignal } from "@builder.io/qwik";
import { useStore } from "@builder.io/qwik";
export const App_component_ckEPmXZlub0 = ()=>{
    const store = useStore({
        count: 0,
        stuff: 0,
        nested: {
            count: 0
        }
    });
    const signal = useSignal(0);
    return /*#__PURE__*/ _jsx(Cmp, {
        prop: 'true' + 1 ? 'true' : '',
        get count () {
            return store.count;
        },
        get nested () {
            return store.nested.count;
        },
        signal: signal,
        store: store.stuff + 12,
        [_IMMUTABLE]: {
            prop: true,
            count: _wrapSignal(store, "count"),
            nested: _wrapSignal(store.nested, "count"),
            signal: true
        }
    });
};


Some("{\"version\":3,\"sources\":[\"/user/qwik/src/test.tsx\"],\"names\":[],\"mappings\":\";;;;;yCAG8B,IAAM;IAChC,MAAM,KAAK,GAAG,QAAQ,CAAC;QACnB,KAAK,EAAE,CAAC;QACR,KAAK,EAAE,CAAC;QACR,MAAM,EAAE;YACJ,KAAK,EAAE,CAAC;SACX;KACJ,CAAC,AAAC;IACH,MAAM,MAAM,GAAG,SAAS,CAAC,CAAC,CAAC,AAAC;IAC5B,qBACI,KAAC,GAAG;QACA,IAAI,EAAE,MAAM,GAAG,CAAC,GAAG,MAAM,GAAG,EAAE;YAC9B,KAAK;mBAAE,KAAK,CAAC,KAAK;;YAClB,MAAM;mBAAE,KAAK,CAAC,MAAM,CAAC,KAAK;;QAC1B,MAAM,EAAE,MAAM;QACd,KAAK,EAAE,KAAK,CAAC,KAAK,GAAG,EAAE;;YAJvB,IAAI;YACJ,KAAK,cAAE,KAAK;YACZ,MAAM,cAAE,KAAK,CAAC,MAAM;YACpB,MAAM;;MAGJ,CACR;AACN,CAAC\"}")
/*
{
  "origin": "test.tsx",
  "name": "App_component_ckEPmXZlub0",
  "entry": null,
  "displayName": "App_component",
  "hash": "ckEPmXZlub0",
  "canonicalFilename": "app_component_ckepmxzlub0",
  "extension": "js",
  "parent": null,
  "ctxKind": "function",
  "ctxName": "component$",
  "captures": false,
  "loc": [
    90,
    493
  ]
}
*/
== DIAGNOSTICS ==

[]
