---
source: packages/qwik/src/optimizer/core/src/test.rs
expression: output
---
==INPUT==


import { component$, useStore } from '@builder.io/qwik';

export const App = component$(() => {
    return (
        <Cmp>
            <p class="stuff" onClick$={() => console.log('warn')}>Hello Qwik</p>
        </Cmp>
    );
});

============================= test.js ==

import { componentQrl } from "@builder.io/qwik";
import { inlinedQrlDEV } from "@builder.io/qwik";
import { jsxDEV as _jsxDEV } from "@builder.io/qwik/jsx-dev-runtime";
export const App = /*#__PURE__*/ componentQrl(inlinedQrlDEV(()=>{
    return /*#__PURE__*/ _jsxDEV(Cmp, {
        children: /*#__PURE__*/ _jsxDEV("p", {
            class: "stuff",
            onClick$: inlinedQrlDEV(()=>console.log('warn'), "App_component_Cmp_p_onClick_vuXzfUTkpto", {
                file: "/user/qwik/src/test.tsx",
                lo: 164,
                hi: 189,
                displayName: "App_component_Cmp_p_onClick"
            }),
            children: "Hello Qwik"
        }, void 0, false, {
            fileName: "/user/qwik/src/test.tsx",
            lineNumber: 7,
            columnNumber: 13
        }, this)
    }, void 0, false, {
        fileName: "/user/qwik/src/test.tsx",
        lineNumber: 6,
        columnNumber: 9
    }, this);
}, "App_component_ckEPmXZlub0", {
    file: "/user/qwik/src/test.tsx",
    lo: 90,
    hi: 229,
    displayName: "App_component"
}));


Some("{\"version\":3,\"sources\":[\"/user/qwik/src/test.tsx\"],\"names\":[],\"mappings\":\"AACA;;;AAEA,OAAO,MAAM,GAAG,iBAAG,2BAAW,IAAM;IAChC,qBACI,QAAC,GAAG;kBACA,cAAA,QAAC,GAAC;YAAC,KAAK,EAAC,OAAO;YAAC,QAAQ,gBAAE,IAAM,OAAO,CAAC,GAAG,CAAC,MAAM,CAAC;;;;;;sBAAE,YAAU;;;;;gBAAI;;;;;YAClE,CACR;AACN,CAAC;;;;;GAAC,CAAC\"}")
== DIAGNOSTICS ==

[]
