---
source: packages/qwik/src/optimizer/core/src/test.rs
expression: output
---
==INPUT==


import { component$ as Component, $ as onRender, useStore } from '@builder.io/qwik';

export const App = Component((props) => {
    const state = useStore({thing: 0});

    return onRender(() => (
        <div>{state.thing}</div>
    ));
});

============================= test.js ==

import { componentQrl } from "@builder.io/qwik";
import { qrl } from "@builder.io/qwik";
export const App = /*#__PURE__*/ componentQrl(qrl(()=>import("./app_component_nuxfthrjvxe"), "App_Component_NuXFTHRjvXE"));


Some("{\"version\":3,\"sources\":[\"/user/qwik/src/test.tsx\"],\"names\":[],\"mappings\":\"AACA;;AAEA,OAAO,MAAM,GAAG,iBAAG,yFAMjB,CAAC\"}")
============================= app_component_1_a08txhb9pek.js (ENTRY POINT)==

import { useLexicalScope } from "@builder.io/qwik";
import { jsx as _jsx } from "@builder.io/qwik/jsx-runtime";
import { _wrapSignal } from "@builder.io/qwik";
export const App_Component_1_A08tXHb9pEk = ()=>{
    const [state] = useLexicalScope();
    return /*#__PURE__*/ _jsx("div", {
        children: _wrapSignal(state, "thing")
    });
};
export { _hW } from "@builder.io/qwik";


Some("{\"version\":3,\"sources\":[\"/user/qwik/src/test.tsx\"],\"names\":[],\"mappings\":\";;;2CAMoB;;yBACZ,KAAC,KAAG;8BAAE,KAAK;MAAa;CAC3B\"}")
/*
{
  "origin": "test.tsx",
  "name": "App_Component_1_A08tXHb9pEk",
  "entry": null,
  "displayName": "App_Component_1",
  "hash": "A08tXHb9pEk",
  "canonicalFilename": "app_component_1_a08txhb9pek",
  "extension": "js",
  "parent": "App_Component_NuXFTHRjvXE",
  "ctxKind": "function",
  "ctxName": "$",
  "captures": true,
  "loc": [
    191,
    237
  ]
}
*/
============================= app_component_nuxfthrjvxe.js (ENTRY POINT)==

import { qrl } from "@builder.io/qwik";
import { useStore } from "@builder.io/qwik";
export const App_Component_NuXFTHRjvXE = (props)=>{
    const state = useStore({
        thing: 0
    });
    return qrl(()=>import("./app_component_1_a08txhb9pek"), "App_Component_1_A08tXHb9pEk", [
        state
    ]);
};


Some("{\"version\":3,\"sources\":[\"/user/qwik/src/test.tsx\"],\"names\":[],\"mappings\":\";;yCAG6B,CAAC,KAAK,GAAK;IACpC,MAAM,KAAK,GAAG,QAAQ,CAAC;QAAC,KAAK,EAAE,CAAC;KAAC,CAAC,AAAC;IAEnC;;OAEG;AACP,CAAC\"}")
/*
{
  "origin": "test.tsx",
  "name": "App_Component_NuXFTHRjvXE",
  "entry": null,
  "displayName": "App_Component",
  "hash": "NuXFTHRjvXE",
  "canonicalFilename": "app_component_nuxfthrjvxe",
  "extension": "js",
  "parent": null,
  "ctxKind": "function",
  "ctxName": "component$",
  "captures": false,
  "loc": [
    117,
    241
  ]
}
*/
== DIAGNOSTICS ==

[]
