---
source: packages/qwik/src/optimizer/core/src/test.rs
expression: output
---

============================= app_component_div_p_button_onclick_8dwua0cjar4.js (ENTRY POINT)==

import { useLexicalScope } from "@builder.io/qwik";
export const App_component_div_p_button_onClick_8dWUa0cJAr4 = ()=>{
    const [store] = useLexicalScope();
    return store.count++;
};


Some("{\"version\":3,\"sources\":[\"/path/to/app/node_modules/dep/dist/lib.mjs\"],\"names\":[],\"mappings\":\";8DAuByC,IAAI;IACrB,MAAM,CAAC,KAAK,CAAC,GAAG,eAAe,EAAE,AAAC;IAClC,OAAO,KAAK,CAAC,KAAK,EAAE,CAAC;AACzB,CAAC\"}")
/*
{
  "origin": "../../node_modules/dep/dist/lib.mjs",
  "name": "App_component_div_p_button_onClick_8dWUa0cJAr4",
  "entry": null,
  "displayName": "App_component_div_p_button_onClick",
  "hash": "8dWUa0cJAr4",
  "canonicalFilename": "app_component_div_p_button_onclick_8dwua0cjar4",
  "extension": "js",
  "parent": "App_component_AkbU84a8zes",
  "ctxKind": "event",
  "ctxName": "onClick$",
  "captures": true,
  "loc": [
    706,
    838
  ]
}
*/
============================= app_component_akbu84a8zes.js (ENTRY POINT)==

import { _wrapSignal } from "@builder.io/qwik";
import { jsx } from "@builder.io/qwik/jsx-runtime";
import { jsxs } from "@builder.io/qwik/jsx-runtime";
import { qrl } from "@builder.io/qwik";
import { useData } from "../../node_modules/dep/dist/lib";
export const App_component_AkbU84a8zes = ()=>{
    const store = useData();
    return /*#__PURE__*/ jsxs("div", {
        children: [
            /*#__PURE__*/ jsxs("p", {
                children: [
                    "Count: ",
                    _wrapSignal(store, "count")
                ]
            }),
            /*#__PURE__*/ jsx("p", {
                children: /*#__PURE__*/ jsx("button", {
                    onClick$: qrl(()=>import("./app_component_div_p_button_onclick_8dwua0cjar4.js"), "App_component_div_p_button_onClick_8dWUa0cJAr4", [
                        store
                    ]),
                    children: "Click"
                })
            })
        ]
    });
};


Some("{\"version\":3,\"sources\":[\"/path/to/app/node_modules/dep/dist/lib.mjs\"],\"names\":[],\"mappings\":\";;;;;yCAWyD,IAAI;IACzD,MAAM,KAAK,GAAG,OAAO,EAAE,AAAC;IACxB,OAAO,WAAW,GAAG,IAAI,CAAC,KAAK,EAAE;QAC7B,QAAQ,EAAE;YACN,WAAW,GAAG,IAAI,CAAC,GAAG,EAAE;gBACpB,QAAQ,EAAE;oBACN,SAAS;gCACT,KAAK;iBACR;aACJ,CAAC;YACF,WAAW,GAAG,GAAG,CAAC,GAAG,EAAE;gBACnB,QAAQ,EAAE,WAAW,GAAG,GAAG,CAAC,QAAQ,EAAE;oBAClC,QAAQ;;;oBAMR,QAAQ,EAAE,OAAO;iBACpB,CAAC;aACL,CAAC;SACL;KACJ,CAAC,CAAC;AACP,CAAC\"}")
/*
{
  "origin": "../../node_modules/dep/dist/lib.mjs",
  "name": "App_component_AkbU84a8zes",
  "entry": null,
  "displayName": "App_component",
  "hash": "AkbU84a8zes",
  "canonicalFilename": "app_component_akbu84a8zes",
  "extension": "js",
  "parent": null,
  "ctxKind": "function",
  "ctxName": "component$",
  "captures": false,
  "loc": [
    315,
    1037
  ]
}
*/
============================= ../../node_modules/dep/dist/lib.mjs ==

import { qrl } from "@builder.io/qwik";
import { componentQrl, useStore } from "@builder.io/qwik";
const useData = ()=>{
    return useStore({
        count: 0
    });
};
export const App = /*#__PURE__*/ componentQrl(qrl(()=>import("../../../src/thing/app_component_akbu84a8zes.js"), "App_component_AkbU84a8zes"));
export { useData };


Some("{\"version\":3,\"sources\":[\"/path/to/app/node_modules/dep/dist/lib.mjs\"],\"names\":[],\"mappings\":\"AACA;AAAA,SAAS,YAAY,EAAc,QAAQ,QAAyB,kBAAkB,CAAC;AAIvF,MAAM,OAAO,GAAG,IAAM;IAClB,OAAO,QAAQ,CAAC;QACZ,KAAK,EAAE,CAAC;KACX,CAAC,CAAC;AACP,CAAC;AAED,OAAO,MAAM,GAAG,GAAG,WAAW,GAAG,YAAY,iGAuBb,CAAC\"}")
============================= local_component_jj0v28bs0p8.js (ENTRY POINT)==

import { jsx as _jsx } from "@builder.io/qwik/jsx-runtime";
import { state } from "./components/sibling";
export const Local_component_jJ0v28bs0p8 = ()=>{
    return /*#__PURE__*/ _jsx("div", {
        children: state
    });
};


Some("{\"version\":3,\"sources\":[\"/path/to/app/src/thing/components/main.tsx\"],\"names\":[],\"mappings\":\";;2CAIgC,IAAM;IAClC,qBACI,KAAC,KAAG;kBAAE,KAAK;MAAO,CACrB;AACL,CAAC\"}")
/*
{
  "origin": "components/main.tsx",
  "name": "Local_component_jJ0v28bs0p8",
  "entry": null,
  "displayName": "Local_component",
  "hash": "jJ0v28bs0p8",
  "canonicalFilename": "local_component_jj0v28bs0p8",
  "extension": "js",
  "parent": null,
  "ctxKind": "function",
  "ctxName": "component$",
  "captures": false,
  "loc": [
    120,
    175
  ]
}
*/
============================= components/main.js ==

import { componentQrl } from "@builder.io/qwik";
import { qrl } from "@builder.io/qwik";
export const Local = /*#__PURE__*/ componentQrl(qrl(()=>import("../local_component_jj0v28bs0p8.js"), "Local_component_jJ0v28bs0p8"));


Some("{\"version\":3,\"sources\":[\"/path/to/app/src/thing/components/main.tsx\"],\"names\":[],\"mappings\":\"AACA;;AAGA,OAAO,MAAM,KAAK,iBAAG,iGAInB,CAAC\"}")
== DIAGNOSTICS ==

[]
