---
source: packages/qwik/src/optimizer/core/src/test.rs
expression: output
---
==INPUT==


import { component$, useStore } from '@builder.io/qwik';

export const App = component$(() => {
    return (
        <Cmp>
            <p class="stuff" onClick$={() => console.log('warn')}>Hello Qwik</p>
        </Cmp>
    );
});

============================= test.js ==

import { componentQrl } from "@builder.io/qwik";
import { qrlDEV } from "@builder.io/qwik";
export const App = /*#__PURE__*/ componentQrl(qrlDEV(()=>import("./app_component_ckepmxzlub0"), "App_component_ckEPmXZlub0", {
    file: "/user/qwik/src/test.tsx",
    lo: 90,
    hi: 229,
    displayName: "App_component"
}));


Some("{\"version\":3,\"sources\":[\"/user/qwik/src/test.tsx\"],\"names\":[],\"mappings\":\"AACA;;AAEA,OAAO,MAAM,GAAG,iBAAG;;;;;GAMjB,CAAC\"}")
============================= app_component_ckepmxzlub0.js (ENTRY POINT)==

import { jsxDEV as _jsxDEV } from "@builder.io/qwik/jsx-dev-runtime";
import { qrlDEV } from "@builder.io/qwik";
export const App_component_ckEPmXZlub0 = ()=>{
    return /*#__PURE__*/ _jsxDEV(Cmp, {
        children: /*#__PURE__*/ _jsxDEV("p", {
            class: "stuff",
            onClick$: qrlDEV(()=>import("./app_component_cmp_p_onclick_vuxzfutkpto"), "App_component_Cmp_p_onClick_vuXzfUTkpto", {
                file: "/user/qwik/src/test.tsx",
                lo: 164,
                hi: 189,
                displayName: "App_component_Cmp_p_onClick"
            }),
            children: "Hello Qwik"
        }, void 0, false, {
            fileName: "/user/qwik/src/test.tsx",
            lineNumber: 7,
            columnNumber: 13
        }, this)
    }, void 0, false, {
        fileName: "/user/qwik/src/test.tsx",
        lineNumber: 6,
        columnNumber: 9
    }, this);
};


Some("{\"version\":3,\"sources\":[\"/user/qwik/src/test.tsx\"],\"names\":[],\"mappings\":\";;yCAG8B,IAAM;IAChC,qBACI,QAAC,GAAG;kBACA,cAAA,QAAC,GAAC;YAAC,KAAK,EAAC,OAAO;YAAC,QAAQ;;;;;;sBAA6B,YAAU;;;;;gBAAI;;;;;YAClE,CACR;AACN,CAAC\"}")
/*
{
  "origin": "test.tsx",
  "name": "App_component_ckEPmXZlub0",
  "entry": null,
  "displayName": "App_component",
  "hash": "ckEPmXZlub0",
  "canonicalFilename": "app_component_ckepmxzlub0",
  "extension": "js",
  "parent": null,
  "ctxKind": "function",
  "ctxName": "component$",
  "captures": false,
  "loc": [
    90,
    229
  ]
}
*/
============================= app_component_cmp_p_onclick_vuxzfutkpto.js (ENTRY POINT)==

export const App_component_Cmp_p_onClick_vuXzfUTkpto = ()=>console.log('warn');


Some("{\"version\":3,\"sources\":[\"/user/qwik/src/test.tsx\"],\"names\":[],\"mappings\":\"uDAMuC,IAAM,OAAO,CAAC,GAAG,CAAC,MAAM,CAAC\"}")
/*
{
  "origin": "test.tsx",
  "name": "App_component_Cmp_p_onClick_vuXzfUTkpto",
  "entry": null,
  "displayName": "App_component_Cmp_p_onClick",
  "hash": "vuXzfUTkpto",
  "canonicalFilename": "app_component_cmp_p_onclick_vuxzfutkpto",
  "extension": "js",
  "parent": "App_component_ckEPmXZlub0",
  "ctxKind": "event",
  "ctxName": "onClick$",
  "captures": false,
  "loc": [
    164,
    189
  ]
}
*/
== DIAGNOSTICS ==

[]
