---
source: packages/qwik/src/optimizer/core/src/test.rs
expression: output
---
==INPUT==


import { componentQrl, inlinedQrl, useStore, jsxs, jsx, useLexicalScope } from '@builder.io/qwik';

export const App = /*#__PURE__*/ componentQrl(inlinedQrl(()=>{
    const store = useStore({
        count: 0
    });
    return /*#__PURE__*/ jsxs("div", {
        children: [
            /*#__PURE__*/ jsxs("p", {
                children: [
                    "Count: ",
                    store.count
                ]
            }),
            /*#__PURE__*/ jsx("p", {
                children: /*#__PURE__*/ jsx("button", {
                    onClick$: inlinedQrl(()=>{
                        const [store] = useLexicalScope();
                        return store.count++;
                    }, "App_component_div_p_button_onClick_odz7eidI4GM", [
                        store
                    ]),
                    children: "Click"
                })
            })
        ]
    });
}, "App_component_Fh88JClhbC0"));


============================= s_odz7eidi4gm.tsx ==

import { useLexicalScope } from "@builder.io/qwik";
export const s_odz7eidI4GM = ()=>{
    const [store] = useLexicalScope();
    return store.count++;
};


Some("{\"version\":3,\"sources\":[\"/user/qwik/src/test.tsx\"],\"names\":[],\"mappings\":\";6BAiByC,IAAI;IACrB,MAAM,CAAC,KAAK,CAAC,GAAG,eAAe,EAAE,AAAC;IAClC,OAAO,KAAK,CAAC,KAAK,EAAE,CAAC;AACzB,CAAC\"}")
/*
{
  "origin": "test.tsx",
  "name": "s_odz7eidI4GM",
  "entry": "entry_hooks",
  "displayName": "App_component_div_p_button_onClick",
  "hash": "odz7eidI4GM",
  "canonicalFilename": "s_odz7eidi4gm",
  "extension": "tsx",
  "parent": "s_Fh88JClhbC0",
  "ctxKind": "function",
  "ctxName": "jsx",
  "captures": true,
  "loc": [
    575,
    707
  ]
}
*/
============================= s_fh88jclhbc0.tsx ==

import { jsx } from "@builder.io/qwik";
import { jsxs } from "@builder.io/qwik";
import { qrl } from "@builder.io/qwik";
import { useStore } from "@builder.io/qwik";
export const s_Fh88JClhbC0 = ()=>{
    const store = useStore({
        count: 0
    });
    return /*#__PURE__*/ jsxs("div", {
        children: [
            /*#__PURE__*/ jsxs("p", {
                children: [
                    "Count: ",
                    store.count
                ]
            }),
            /*#__PURE__*/ jsx("p", {
                children: /*#__PURE__*/ jsx("button", {
                    onClick$: qrl(()=>import("./entry_hooks"), "s_odz7eidI4GM", [
                        store
                    ]),
                    children: "Click"
                })
            })
        ]
    });
};


Some("{\"version\":3,\"sources\":[\"/user/qwik/src/test.tsx\"],\"names\":[],\"mappings\":\";;;;6BAGyD,IAAI;IACzD,MAAM,KAAK,GAAG,QAAQ,CAAC;QACnB,KAAK,EAAE,CAAC;KACX,CAAC,AAAC;IACH,OAAO,WAAW,GAAG,IAAI,CAAC,KAAK,EAAE;QAC7B,QAAQ,EAAE;YACN,WAAW,GAAG,IAAI,CAAC,GAAG,EAAE;gBACpB,QAAQ,EAAE;oBACN,SAAS;oBACT,KAAK,CAAC,KAAK;iBACd;aACJ,CAAC;YACF,WAAW,GAAG,GAAG,CAAC,GAAG,EAAE;gBACnB,QAAQ,EAAE,WAAW,GAAG,GAAG,CAAC,QAAQ,EAAE;oBAClC,QAAQ;;;oBAMR,QAAQ,EAAE,OAAO;iBACpB,CAAC;aACL,CAAC;SACL;KACJ,CAAC,CAAC;AACP,CAAC\"}")
/*
{
  "origin": "test.tsx",
  "name": "s_Fh88JClhbC0",
  "entry": "entry_hooks",
  "displayName": "App_component",
  "hash": "Fh88JClhbC0",
  "canonicalFilename": "s_fh88jclhbc0",
  "extension": "tsx",
  "parent": null,
  "ctxKind": "function",
  "ctxName": "component$",
  "captures": false,
  "loc": [
    159,
    906
  ]
}
*/
============================= test.tsx ==

import { qrl } from "@builder.io/qwik";
import { componentQrl } from '@builder.io/qwik';
export const App = /*#__PURE__*/ componentQrl(qrl(()=>import("./entry_hooks"), "s_Fh88JClhbC0"));


Some("{\"version\":3,\"sources\":[\"/user/qwik/src/test.tsx\"],\"names\":[],\"mappings\":\"AACA;AAAA,SAAS,YAAY,QAA0D,kBAAkB,CAAC;AAElG,OAAO,MAAM,GAAG,GAAG,WAAW,GAAG,YAAY,mDAyBb,CAAC\"}")
============================= entry_hooks.js (ENTRY POINT)==

export { s_odz7eidI4GM } from "./s_odz7eidi4gm";
export { s_Fh88JClhbC0 } from "./s_fh88jclhbc0";


None
== DIAGNOSTICS ==

[]
