---
source: packages/qwik/src/optimizer/core/src/test.rs
expression: output
---
==INPUT==


import { component$ as Component, $ as onRender, useStore, wrap, useEffect } from '@builder.io/qwik';


export const useMemo$ = (qrt) => {
    useEffect(qrt);
};

export const App = component$((props) => {
    const state = useStore({count: 0});
    useMemo$(() => {
        console.log(state.count);
    });
    return $(() => (
        <div>{state.count}</div>
    ));
});

============================= test.js ==

import { _wrapSignal } from "@builder.io/qwik";
import { jsx as _jsx } from "@builder.io/qwik/jsx-runtime";
import { useStore, useEffect } from '@builder.io/qwik';
export const useMemo$ = (qrt)=>{
    useEffect(qrt);
};
export const App = component$((props)=>{
    const state = useStore({
        count: 0
    });
    useMemo$(()=>{
        console.log(state.count);
    });
    return $(()=>/*#__PURE__*/ _jsx("div", {
            children: _wrapSignal(state, "count")
        }));
});


Some("{\"version\":3,\"sources\":[\"/user/qwik/src/test.tsx\"],\"names\":[],\"mappings\":\"AACA;;AAAA,SAAiD,QAAQ,EAAQ,SAAS,QAAQ,kBAAkB,CAAC;AAGrG,OAAO,MAAM,QAAQ,GAAG,CAAC,GAAG,GAAK;IAC7B,SAAS,CAAC,GAAG,CAAC,CAAC;AACnB,CAAC,CAAC;AAEF,OAAO,MAAM,GAAG,GAAG,UAAU,CAAC,CAAC,KAAK,GAAK;IACrC,MAAM,KAAK,GAAG,QAAQ,CAAC;QAAC,KAAK,EAAE,CAAC;KAAC,CAAC,AAAC;IACnC,QAAQ,CAAC,IAAM;QACX,OAAO,CAAC,GAAG,CAAC,KAAK,CAAC,KAAK,CAAC,CAAC;IAC7B,CAAC,CAAC,CAAC;IACH,OAAO,CAAC,CAAC,kBACL,KAAC,KAAG;kCAAE,KAAK;UAAa,AAC3B,CAAC,CAAC;AACP,CAAC,CAAC,CAAC\"}")
== DIAGNOSTICS ==

[
  {
    "category": "error",
    "code": "C05",
    "file": "test.tsx",
    "message": "Found 'useMemo$' but did not find the corresponding 'useMemoQrl' exported in the same file. Please check that it is exported and spelled correctly",
    "highlights": [
      {
        "lo": 252,
        "hi": 260,
        "startLine": 11,
        "startCol": 5,
        "endLine": 11,
        "endCol": 12
      }
    ],
    "suggestions": null,
    "scope": "optimizer"
  }
]
